93.184.216.34 - - [01/Apr/2026:00:00:56 +0000] "POST /login HTTP/1.1" 502 166 "https://app.logsonic.io/" "python-requests/2.28.0"
198.51.100.12 - - [01/Apr/2026:00:02:52 +0000] "PATCH /api/v1/search HTTP/1.1" 200 19066 "https://app.logsonic.io/" "nginx/1.18.0"
1.1.1.1 - - [01/Apr/2026:00:06:06 +0000] "GET /api/v1/users/123 HTTP/1.1" 200 21657 "-" "nginx/1.18.0"
1.1.1.1 - - [01/Apr/2026:00:09:00 +0000] "PATCH /health HTTP/1.1" 400 387 "https://app.logsonic.io/" "python-requests/2.28.0"
10.0.0.5 - - [01/Apr/2026:00:11:58 +0000] "PATCH /login HTTP/1.1" 400 239 "-" "python-requests/2.28.0"
172.16.0.23 - - [01/Apr/2026:00:14:32 +0000] "GET /api/v1/users HTTP/1.1" 403 458 "https://app.logsonic.io/" "nginx/1.18.0"
203.0.113.45 - - [01/Apr/2026:00:17:50 +0000] "PUT /api/v1/logs HTTP/1.1" 200 21758 "-" "curl/7.68.0"
1.1.1.1 - - [01/Apr/2026:00:20:45 +0000] "GET /api/v1/users HTTP/1.1" 200 49169 "-" "Mozilla/5.0 (Macintosh; Intel Mac OS X 10_15_7) AppleWebKit/537.36"
192.168.1.10 - - [01/Apr/2026:00:23:41 +0000] "PUT /static/app.js HTTP/1.1" 503 476 "https://app.logsonic.io/" "Go-http-client/1.1"
1.1.1.1 - - [01/Apr/2026:00:26:27 +0000] "GET /static/styles.css HTTP/1.1" 403 249 "-" "python-requests/2.28.0"
10.0.0.5 - - [01/Apr/2026:00:28:52 +0000] "PATCH /api/v1/search HTTP/1.1" 403 284 "-" "nginx/1.18.0"
203.0.113.45 - - [01/Apr/2026:00:32:24 +0000] "POST /favicon.ico HTTP/1.1" 200 40370 "-" "Go-http-client/1.1"
1.1.1.1 - - [01/Apr/2026:00:34:43 +0000] "DELETE /api/v1/search HTTP/1.1" 404 79 "-" "curl/7.68.0"
172.16.0.23 - - [01/Apr/2026:00:38:13 +0000] "PATCH /favicon.ico HTTP/1.1" 404 478 "-" "Mozilla/5.0 (Macintosh; Intel Mac OS X 10_15_7) AppleWebKit/537.36"
203.0.113.45 - - [01/Apr/2026:00:40:15 +0000] "POST /static/styles.css HTTP/1.1" 200 15397 "-" "nginx/1.18.0"
8.8.8.8 - - [01/Apr/2026:00:43:14 +0000] "POST /favicon.ico HTTP/1.1" 200 16753 "https://app.logsonic.io/" "Mozilla/5.0 (Macintosh; Intel Mac OS X 10_15_7) AppleWebKit/537.36"
8.8.8.8 - - [01/Apr/2026:00:46:14 +0000] "PATCH /api/v1/logs HTTP/1.1" 201 17 "https://google.com/" "python-requests/2.28.0"
192.168.1.10 - - [01/Apr/2026:00:49:23 +0000] "POST /api/v1/logs HTTP/1.1" 200 21836 "-" "Go-http-client/1.1"
8.8.8.8 - - [01/Apr/2026:00:51:49 +0000] "POST /static/styles.css HTTP/1.1" 503 163 "-" "Mozilla/5.0 (Macintosh; Intel Mac OS X 10_15_7) AppleWebKit/537.36"
1.1.1.1 - - [01/Apr/2026:00:55:18 +0000] "PUT /static/app.js HTTP/1.1" 502 400 "-" "curl/7.68.0"
1.1.1.1 - - [01/Apr/2026:00:58:06 +0000] "DELETE /favicon.ico HTTP/1.1" 200 26957 "-" "Mozilla/5.0 (Macintosh; Intel Mac OS X 10_15_7) AppleWebKit/537.36"
203.0.113.45 - - [01/Apr/2026:01:01:11 +0000] "GET /api/v1/logs/stream HTTP/1.1" 301 483 "-" "curl/7.68.0"
192.168.1.10 - - [01/Apr/2026:01:03:37 +0000] "GET /api/v1/settings HTTP/1.1" 502 285 "https://app.logsonic.io/" "Go-http-client/1.1"
172.16.0.23 - - [01/Apr/2026:01:06:15 +0000] "PATCH /api/v1/users HTTP/1.1" 502 137 "-" "nginx/1.18.0"
172.16.0.23 - - [01/Apr/2026:01:08:56 +0000] "PUT /api/v1/users/456/profile HTTP/1.1" 503 393 "-" "Go-http-client/1.1"
172.16.0.23 - - [01/Apr/2026:01:12:28 +0000] "POST /api/v1/settings HTTP/1.1" 502 98 "https://app.logsonic.io/" "nginx/1.18.0"
172.16.0.23 - - [01/Apr/2026:01:15:03 +0000] "DELETE /logout HTTP/1.1" 200 22806 "https://google.com/" "Go-http-client/1.1"
172.16.0.23 - - [01/Apr/2026:01:18:23 +0000] "PATCH /favicon.ico HTTP/1.1" 500 291 "-" "Mozilla/5.0 (Macintosh; Intel Mac OS X 10_15_7) AppleWebKit/537.36"
93.184.216.34 - - [01/Apr/2026:01:20:21 +0000] "POST /metrics HTTP/1.1" 503 423 "-" "Mozilla/5.0 (Macintosh; Intel Mac OS X 10_15_7) AppleWebKit/537.36"
10.0.0.5 - - [01/Apr/2026:01:23:38 +0000] "PUT /api/v1/users/123 HTTP/1.1" 304 52 "-" "curl/7.68.0"
93.184.216.34 - - [01/Apr/2026:01:26:13 +0000] "GET /api/v1/users/123 HTTP/1.1" 404 21 "-" "curl/7.68.0"
203.0.113.45 - - [01/Apr/2026:01:28:58 +0000] "POST /static/styles.css HTTP/1.1" 301 88 "-" "Mozilla/5.0 (Macintosh; Intel Mac OS X 10_15_7) AppleWebKit/537.36"
1.1.1.1 - - [01/Apr/2026:01:32:00 +0000] "POST /api/v1/logs/stream HTTP/1.1" 200 7376 "-" "nginx/1.18.0"
192.168.1.10 - - [01/Apr/2026:01:35:08 +0000] "GET / HTTP/1.1" 200 35608 "-" "nginx/1.18.0"
1.1.1.1 - - [01/Apr/2026:01:38:07 +0000] "PUT /favicon.ico HTTP/1.1" 503 38 "-" "Mozilla/5.0 (Macintosh; Intel Mac OS X 10_15_7) AppleWebKit/537.36"
203.0.113.45 - - [01/Apr/2026:01:40:31 +0000] "GET /api/v1/settings HTTP/1.1" 404 186 "-" "curl/7.68.0"
8.8.8.8 - - [01/Apr/2026:01:43:21 +0000] "DELETE /static/app.js HTTP/1.1" 404 98 "-" "Go-http-client/1.1"
203.0.113.45 - - [01/Apr/2026:01:47:00 +0000] "DELETE /favicon.ico HTTP/1.1" 500 470 "-" "Mozilla/5.0 (Macintosh; Intel Mac OS X 10_15_7) AppleWebKit/537.36"
93.184.216.34 - - [01/Apr/2026:01:49:54 +0000] "GET /api/v1/users/123 HTTP/1.1" 200 25893 "-" "python-requests/2.28.0"
1.1.1.1 - - [01/Apr/2026:01:52:15 +0000] "DELETE /login HTTP/1.1" 304 404 "-" "nginx/1.18.0"
198.51.100.12 - - [01/Apr/2026:01:55:39 +0000] "GET /api/v2/events HTTP/1.1" 404 254 "-" "Mozilla/5.0 (Macintosh; Intel Mac OS X 10_15_7) AppleWebKit/537.36"
93.184.216.34 - - [01/Apr/2026:01:58:11 +0000] "DELETE /api/v1/logs/stream HTTP/1.1" 200 46585 "-" "Go-http-client/1.1"
198.51.100.12 - - [01/Apr/2026:02:01:02 +0000] "POST /api/v1/settings HTTP/1.1" 404 461 "https://app.logsonic.io/" "python-requests/2.28.0"
172.16.0.23 - - [01/Apr/2026:02:03:51 +0000] "PATCH /api/v1/users/123 HTTP/1.1" 201 355 "-" "curl/7.68.0"
8.8.8.8 - - [01/Apr/2026:02:06:28 +0000] "PUT /api/v1/logs HTTP/1.1" 200 24425 "-" "Go-http-client/1.1"
10.0.0.5 - - [01/Apr/2026:02:09:41 +0000] "POST /static/styles.css HTTP/1.1" 200 21328 "-" "curl/7.68.0"
198.51.100.12 - - [01/Apr/2026:02:11:58 +0000] "PUT /metrics HTTP/1.1" 304 116 "-" "python-requests/2.28.0"
198.51.100.12 - - [01/Apr/2026:02:15:29 +0000] "PUT /login HTTP/1.1" 200 16788 "-" "nginx/1.18.0"
192.168.1.10 - - [01/Apr/2026:02:18:14 +0000] "POST /health HTTP/1.1" 404 100 "https://google.com/" "curl/7.68.0"
192.168.1.10 - - [01/Apr/2026:02:20:56 +0000] "PUT /metrics HTTP/1.1" 404 254 "-" "nginx/1.18.0"
10.0.0.5 - - [01/Apr/2026:02:24:13 +0000] "GET /api/v1/search HTTP/1.1" 301 442 "https://app.logsonic.io/" "curl/7.68.0"
1.1.1.1 - - [01/Apr/2026:02:26:32 +0000] "PUT /api/v1/users/123 HTTP/1.1" 403 451 "-" "python-requests/2.28.0"
1.1.1.1 - - [01/Apr/2026:02:29:22 +0000] "PUT /api/v1/logs HTTP/1.1" 200 46896 "https://app.logsonic.io/" "curl/7.68.0"
192.168.1.10 - - [01/Apr/2026:02:32:33 +0000] "DELETE /api/v1/logs HTTP/1.1" 502 405 "-" "nginx/1.18.0"
172.16.0.23 - - [01/Apr/2026:02:35:08 +0000] "POST /api/v1/search HTTP/1.1" 304 305 "-" "python-requests/2.28.0"
10.0.0.5 - - [01/Apr/2026:02:37:59 +0000] "PUT /static/app.js HTTP/1.1" 404 438 "https://app.logsonic.io/" "python-requests/2.28.0"
8.8.8.8 - - [01/Apr/2026:02:41:23 +0000] "DELETE / HTTP/1.1" 200 32848 "-" "python-requests/2.28.0"
198.51.100.12 - - [01/Apr/2026:02:44:20 +0000] "GET /api/v1/search HTTP/1.1" 200 7141 "-" "curl/7.68.0"
10.0.0.5 - - [01/Apr/2026:02:47:02 +0000] "PATCH /health HTTP/1.1" 502 191 "-" "Mozilla/5.0 (Macintosh; Intel Mac OS X 10_15_7) AppleWebKit/537.36"
192.168.1.10 - - [01/Apr/2026:02:49:23 +0000] "DELETE /static/app.js HTTP/1.1" 304 238 "https://app.logsonic.io/" "curl/7.68.0"
198.51.100.12 - - [01/Apr/2026:02:52:54 +0000] "PUT /static/app.js HTTP/1.1" 502 398 "https://app.logsonic.io/" "curl/7.68.0"
198.51.100.12 - - [01/Apr/2026:02:55:04 +0000] "PUT /api/v1/users/456/profile HTTP/1.1" 304 445 "-" "Go-http-client/1.1"
1.1.1.1 - - [01/Apr/2026:02:58:39 +0000] "PATCH /api/v1/search HTTP/1.1" 304 292 "-" "Mozilla/5.0 (Macintosh; Intel Mac OS X 10_15_7) AppleWebKit/537.36"
198.51.100.12 - - [01/Apr/2026:03:00:43 +0000] "DELETE /api/v1/search HTTP/1.1" 404 10 "-" "nginx/1.18.0"
8.8.8.8 - - [01/Apr/2026:03:04:03 +0000] "DELETE /api/v1/users/456/profile HTTP/1.1" 401 450 "-" "python-requests/2.28.0"
172.16.0.23 - - [01/Apr/2026:03:07:15 +0000] "PUT /api/v1/logs HTTP/1.1" 200 41547 "-" "curl/7.68.0"
172.16.0.23 - - [01/Apr/2026:03:09:30 +0000] "POST /health HTTP/1.1" 500 334 "-" "python-requests/2.28.0"
203.0.113.45 - - [01/Apr/2026:03:13:00 +0000] "POST /api/v1/settings HTTP/1.1" 401 192 "-" "curl/7.68.0"
93.184.216.34 - - [01/Apr/2026:03:15:52 +0000] "POST /api/v1/users/456/profile HTTP/1.1" 301 462 "https://app.logsonic.io/" "nginx/1.18.0"
1.1.1.1 - - [01/Apr/2026:03:18:36 +0000] "DELETE /health HTTP/1.1" 403 254 "https://google.com/" "Mozilla/5.0 (Macintosh; Intel Mac OS X 10_15_7) AppleWebKit/537.36"
192.168.1.10 - - [01/Apr/2026:03:21:27 +0000] "DELETE /login HTTP/1.1" 404 223 "-" "python-requests/2.28.0"
8.8.8.8 - - [01/Apr/2026:03:23:41 +0000] "PUT /api/v1/users/123 HTTP/1.1" 201 480 "https://app.logsonic.io/" "Mozilla/5.0 (Macintosh; Intel Mac OS X 10_15_7) AppleWebKit/537.36"
192.168.1.10 - - [01/Apr/2026:03:27:04 +0000] "GET /logout HTTP/1.1" 200 42539 "-" "curl/7.68.0"
10.0.0.5 - - [01/Apr/2026:03:29:19 +0000] "PUT /api/v1/users/123 HTTP/1.1" 304 335 "-" "python-requests/2.28.0"
93.184.216.34 - - [01/Apr/2026:03:32:51 +0000] "PATCH /api/v1/users HTTP/1.1" 502 360 "-" "python-requests/2.28.0"
8.8.8.8 - - [01/Apr/2026:03:35:46 +0000] "GET /static/app.js HTTP/1.1" 301 381 "-" "Mozilla/5.0 (Macintosh; Intel Mac OS X 10_15_7) AppleWebKit/537.36"
93.184.216.34 - - [01/Apr/2026:03:38:50 +0000] "DELETE /metrics HTTP/1.1" 301 204 "-" "Mozilla/5.0 (Macintosh; Intel Mac OS X 10_15_7) AppleWebKit/537.36"
172.16.0.23 - - [01/Apr/2026:03:41:42 +0000] "GET /login HTTP/1.1" 200 2405 "https://google.com/" "curl/7.68.0"
10.0.0.5 - - [01/Apr/2026:03:44:09 +0000] "POST /static/styles.css HTTP/1.1" 403 11 "-" "python-requests/2.28.0"
93.184.216.34 - - [01/Apr/2026:03:46:30 +0000] "PUT /login HTTP/1.1" 201 401 "https://app.logsonic.io/" "nginx/1.18.0"
192.168.1.10 - - [01/Apr/2026:03:49:35 +0000] "GET /api/v1/users/123 HTTP/1.1" 503 320 "https://google.com/" "Mozilla/5.0 (Macintosh; Intel Mac OS X 10_15_7) AppleWebKit/537.36"
10.0.0.5 - - [01/Apr/2026:03:52:33 +0000] "PUT /metrics HTTP/1.1" 500 388 "-" "nginx/1.18.0"
203.0.113.45 - - [01/Apr/2026:03:55:42 +0000] "DELETE /static/app.js HTTP/1.1" 500 423 "-" "Go-http-client/1.1"
8.8.8.8 - - [01/Apr/2026:03:58:00 +0000] "POST /static/styles.css HTTP/1.1" 401 478 "https://google.com/" "Mozilla/5.0 (Macintosh; Intel Mac OS X 10_15_7) AppleWebKit/537.36"
172.16.0.23 - - [01/Apr/2026:04:01:26 +0000] "GET /api/v1/logs HTTP/1.1" 503 476 "https://google.com/" "python-requests/2.28.0"
8.8.8.8 - - [01/Apr/2026:04:04:04 +0000] "PUT /static/app.js HTTP/1.1" 404 204 "-" "nginx/1.18.0"
1.1.1.1 - - [01/Apr/2026:04:07:06 +0000] "POST /health HTTP/1.1" 200 48960 "-" "curl/7.68.0"
8.8.8.8 - - [01/Apr/2026:04:10:22 +0000] "PATCH /favicon.ico HTTP/1.1" 200 18236 "-" "Go-http-client/1.1"
1.1.1.1 - - [01/Apr/2026:04:12:34 +0000] "GET /api/v1/logs HTTP/1.1" 200 6088 "-" "nginx/1.18.0"
192.168.1.10 - - [01/Apr/2026:04:15:13 +0000] "PUT /api/v1/users HTTP/1.1" 200 23466 "https://app.logsonic.io/" "python-requests/2.28.0"
192.168.1.10 - - [01/Apr/2026:04:18:23 +0000] "PUT /api/v1/users/123 HTTP/1.1" 200 21794 "https://app.logsonic.io/" "curl/7.68.0"
192.168.1.10 - - [01/Apr/2026:04:21:33 +0000] "DELETE /api/v1/logs/stream HTTP/1.1" 200 5454 "https://app.logsonic.io/" "python-requests/2.28.0"
172.16.0.23 - - [01/Apr/2026:04:23:48 +0000] "DELETE /api/v1/users/456/profile HTTP/1.1" 301 253 "https://google.com/" "python-requests/2.28.0"
203.0.113.45 - - [01/Apr/2026:04:27:09 +0000] "DELETE /api/v1/logs/stream HTTP/1.1" 502 18 "https://google.com/" "nginx/1.18.0"
10.0.0.5 - - [01/Apr/2026:04:29:29 +0000] "DELETE /api/v1/search HTTP/1.1" 200 46231 "-" "nginx/1.18.0"
8.8.8.8 - - [01/Apr/2026:04:33:10 +0000] "DELETE /api/v1/users/456/profile HTTP/1.1" 400 319 "-" "nginx/1.18.0"
8.8.8.8 - - [01/Apr/2026:04:35:13 +0000] "POST /api/v1/users HTTP/1.1" 404 172 "-" "Mozilla/5.0 (Macintosh; Intel Mac OS X 10_15_7) AppleWebKit/537.36"
192.168.1.10 - - [01/Apr/2026:04:38:58 +0000] "PUT /api/v1/settings HTTP/1.1" 502 69 "https://app.logsonic.io/" "Mozilla/5.0 (Macintosh; Intel Mac OS X 10_15_7) AppleWebKit/537.36"
1.1.1.1 - - [01/Apr/2026:04:41:30 +0000] "GET /static/styles.css HTTP/1.1" 403 189 "-" "python-requests/2.28.0"
192.168.1.10 - - [01/Apr/2026:04:43:50 +0000] "POST /api/v1/users/456/profile HTTP/1.1" 200 49677 "-" "nginx/1.18.0"
172.16.0.23 - - [01/Apr/2026:04:47:38 +0000] "PATCH /api/v1/logs HTTP/1.1" 200 39261 "-" "Go-http-client/1.1"
1.1.1.1 - - [01/Apr/2026:04:49:38 +0000] "POST /logout HTTP/1.1" 503 56 "-" "python-requests/2.28.0"
192.168.1.10 - - [01/Apr/2026:04:52:33 +0000] "DELETE /health HTTP/1.1" 401 214 "-" "nginx/1.18.0"
93.184.216.34 - - [01/Apr/2026:04:55:26 +0000] "PUT /api/v1/users/123 HTTP/1.1" 400 365 "https://app.logsonic.io/" "nginx/1.18.0"
10.0.0.5 - - [01/Apr/2026:04:58:28 +0000] "PATCH /api/v2/events HTTP/1.1" 401 29 "-" "Go-http-client/1.1"
93.184.216.34 - - [01/Apr/2026:05:01:31 +0000] "GET /api/v1/logs/stream HTTP/1.1" 201 324 "https://app.logsonic.io/" "Go-http-client/1.1"
8.8.8.8 - - [01/Apr/2026:05:04:09 +0000] "PATCH /api/v1/logs/stream HTTP/1.1" 403 491 "https://google.com/" "curl/7.68.0"
8.8.8.8 - - [01/Apr/2026:05:06:47 +0000] "POST /api/v1/search HTTP/1.1" 304 487 "-" "Go-http-client/1.1"
1.1.1.1 - - [01/Apr/2026:05:10:04 +0000] "PUT /static/styles.css HTTP/1.1" 403 338 "-" "python-requests/2.28.0"
1.1.1.1 - - [01/Apr/2026:05:13:26 +0000] "PUT /static/app.js HTTP/1.1" 200 16214 "-" "nginx/1.18.0"
172.16.0.23 - - [01/Apr/2026:05:16:02 +0000] "DELETE /static/styles.css HTTP/1.1" 301 311 "https://app.logsonic.io/" "curl/7.68.0"
192.168.1.10 - - [01/Apr/2026:05:18:16 +0000] "DELETE /login HTTP/1.1" 301 239 "-" "nginx/1.18.0"
93.184.216.34 - - [01/Apr/2026:05:21:48 +0000] "PUT /static/app.js HTTP/1.1" 200 47610 "https://google.com/" "Mozilla/5.0 (Macintosh; Intel Mac OS X 10_15_7) AppleWebKit/537.36"
1.1.1.1 - - [01/Apr/2026:05:24:52 +0000] "POST /metrics HTTP/1.1" 500 484 "https://google.com/" "Go-http-client/1.1"
198.51.100.12 - - [01/Apr/2026:05:27:11 +0000] "PATCH /api/v1/settings HTTP/1.1" 304 28 "-" "Go-http-client/1.1"
192.168.1.10 - - [01/Apr/2026:05:30:21 +0000] "POST /login HTTP/1.1" 301 439 "-" "curl/7.68.0"
8.8.8.8 - - [01/Apr/2026:05:32:37 +0000] "POST /api/v1/search HTTP/1.1" 200 50890 "-" "Go-http-client/1.1"
93.184.216.34 - - [01/Apr/2026:05:35:55 +0000] "PUT /static/styles.css HTTP/1.1" 401 136 "-" "python-requests/2.28.0"
1.1.1.1 - - [01/Apr/2026:05:38:33 +0000] "POST /api/v1/users/456/profile HTTP/1.1" 200 47940 "-" "Mozilla/5.0 (Macintosh; Intel Mac OS X 10_15_7) AppleWebKit/537.36"
192.168.1.10 - - [01/Apr/2026:05:41:35 +0000] "PATCH /api/v1/users/456/profile HTTP/1.1" 201 112 "https://google.com/" "nginx/1.18.0"
93.184.216.34 - - [01/Apr/2026:05:44:50 +0000] "PUT /favicon.ico HTTP/1.1" 502 458 "-" "curl/7.68.0"
8.8.8.8 - - [01/Apr/2026:05:47:33 +0000] "PUT /metrics HTTP/1.1" 200 20173 "-" "python-requests/2.28.0"
8.8.8.8 - - [01/Apr/2026:05:50:20 +0000] "PATCH /api/v2/events HTTP/1.1" 200 25990 "https://google.com/" "Mozilla/5.0 (Macintosh; Intel Mac OS X 10_15_7) AppleWebKit/537.36"
10.0.0.5 - - [01/Apr/2026:05:52:38 +0000] "POST /api/v1/logs/stream HTTP/1.1" 200 18838 "https://app.logsonic.io/" "curl/7.68.0"
203.0.113.45 - - [01/Apr/2026:05:55:44 +0000] "PATCH /logout HTTP/1.1" 304 40 "https://google.com/" "Go-http-client/1.1"
198.51.100.12 - - [01/Apr/2026:05:59:11 +0000] "PUT /favicon.ico HTTP/1.1" 301 499 "-" "curl/7.68.0"
93.184.216.34 - - [01/Apr/2026:06:01:54 +0000] "PATCH /api/v1/users/456/profile HTTP/1.1" 304 404 "https://google.com/" "curl/7.68.0"
192.168.1.10 - - [01/Apr/2026:06:04:37 +0000] "GET / HTTP/1.1" 200 7974 "-" "curl/7.68.0"
10.0.0.5 - - [01/Apr/2026:06:07:48 +0000] "DELETE /static/app.js HTTP/1.1" 403 483 "-" "nginx/1.18.0"
203.0.113.45 - - [01/Apr/2026:06:10:37 +0000] "POST /api/v1/users/456/profile HTTP/1.1" 200 32512 "-" "python-requests/2.28.0"
192.168.1.10 - - [01/Apr/2026:06:12:52 +0000] "DELETE /health HTTP/1.1" 401 342 "https://app.logsonic.io/" "nginx/1.18.0"
8.8.8.8 - - [01/Apr/2026:06:15:44 +0000] "PUT /favicon.ico HTTP/1.1" 200 37808 "-" "nginx/1.18.0"
8.8.8.8 - - [01/Apr/2026:06:18:34 +0000] "PATCH /api/v1/users HTTP/1.1" 400 72 "https://app.logsonic.io/" "Go-http-client/1.1"
192.168.1.10 - - [01/Apr/2026:06:21:32 +0000] "DELETE / HTTP/1.1" 500 352 "-" "curl/7.68.0"
8.8.8.8 - - [01/Apr/2026:06:25:00 +0000] "POST /api/v1/search HTTP/1.1" 503 3 "https://google.com/" "curl/7.68.0"
93.184.216.34 - - [01/Apr/2026:06:27:50 +0000] "PUT /static/app.js HTTP/1.1" 403 116 "-" "Mozilla/5.0 (Macintosh; Intel Mac OS X 10_15_7) AppleWebKit/537.36"
198.51.100.12 - - [01/Apr/2026:06:30:47 +0000] "POST / HTTP/1.1" 301 218 "-" "python-requests/2.28.0"
198.51.100.12 - - [01/Apr/2026:06:32:51 +0000] "DELETE /api/v2/events HTTP/1.1" 403 94 "-" "python-requests/2.28.0"
172.16.0.23 - - [01/Apr/2026:06:36:02 +0000] "PATCH /api/v1/users/123 HTTP/1.1" 200 10079 "https://google.com/" "nginx/1.18.0"
1.1.1.1 - - [01/Apr/2026:06:38:53 +0000] "DELETE /favicon.ico HTTP/1.1" 403 43 "-" "nginx/1.18.0"
8.8.8.8 - - [01/Apr/2026:06:42:06 +0000] "POST /static/app.js HTTP/1.1" 304 126 "-" "curl/7.68.0"
198.51.100.12 - - [01/Apr/2026:06:44:51 +0000] "PATCH /api/v1/search HTTP/1.1" 200 9087 "-" "Mozilla/5.0 (Macintosh; Intel Mac OS X 10_15_7) AppleWebKit/537.36"
203.0.113.45 - - [01/Apr/2026:06:47:34 +0000] "DELETE /api/v1/users/456/profile HTTP/1.1" 401 200 "-" "Mozilla/5.0 (Macintosh; Intel Mac OS X 10_15_7) AppleWebKit/537.36"
198.51.100.12 - - [01/Apr/2026:06:50:43 +0000] "DELETE /health HTTP/1.1" 400 143 "-" "Mozilla/5.0 (Macintosh; Intel Mac OS X 10_15_7) AppleWebKit/537.36"
93.184.216.34 - - [01/Apr/2026:06:53:10 +0000] "PATCH /api/v2/events HTTP/1.1" 200 21130 "https://app.logsonic.io/" "nginx/1.18.0"
203.0.113.45 - - [01/Apr/2026:06:56:16 +0000] "POST / HTTP/1.1" 201 481 "https://app.logsonic.io/" "Go-http-client/1.1"
1.1.1.1 - - [01/Apr/2026:06:58:47 +0000] "DELETE / HTTP/1.1" 404 202 "-" "curl/7.68.0"
203.0.113.45 - - [01/Apr/2026:07:02:17 +0000] "PUT /api/v1/users HTTP/1.1" 304 164 "-" "Go-http-client/1.1"
10.0.0.5 - - [01/Apr/2026:07:04:45 +0000] "POST /api/v1/settings HTTP/1.1" 502 346 "-" "curl/7.68.0"
10.0.0.5 - - [01/Apr/2026:07:08:01 +0000] "POST /api/v1/settings HTTP/1.1" 404 54 "-" "Go-http-client/1.1"
192.168.1.10 - - [01/Apr/2026:07:10:19 +0000] "PUT /metrics HTTP/1.1" 401 488 "-" "Go-http-client/1.1"
172.16.0.23 - - [01/Apr/2026:07:13:20 +0000] "PUT /favicon.ico HTTP/1.1" 502 86 "-" "python-requests/2.28.0"
198.51.100.12 - - [01/Apr/2026:07:16:03 +0000] "PATCH /api/v1/settings HTTP/1.1" 400 261 "-" "python-requests/2.28.0"
172.16.0.23 - - [01/Apr/2026:07:19:03 +0000] "GET /api/v1/users/456/profile HTTP/1.1" 304 349 "https://app.logsonic.io/" "Mozilla/5.0 (Macintosh; Intel Mac OS X 10_15_7) AppleWebKit/537.36"
1.1.1.1 - - [01/Apr/2026:07:22:11 +0000] "PATCH /metrics HTTP/1.1" 500 376 "-" "Go-http-client/1.1"
93.184.216.34 - - [01/Apr/2026:07:24:47 +0000] "GET /static/styles.css HTTP/1.1" 401 179 "-" "Go-http-client/1.1"
192.168.1.10 - - [01/Apr/2026:07:27:12 +0000] "DELETE /api/v1/users HTTP/1.1" 304 144 "-" "Mozilla/5.0 (Macintosh; Intel Mac OS X 10_15_7) AppleWebKit/537.36"
198.51.100.12 - - [01/Apr/2026:07:30:35 +0000] "POST /api/v1/search HTTP/1.1" 401 3 "-" "python-requests/2.28.0"
192.168.1.10 - - [01/Apr/2026:07:33:06 +0000] "PATCH /api/v1/users HTTP/1.1" 400 390 "-" "nginx/1.18.0"
1.1.1.1 - - [01/Apr/2026:07:36:26 +0000] "GET /api/v1/settings HTTP/1.1" 503 257 "https://google.com/" "nginx/1.18.0"
8.8.8.8 - - [01/Apr/2026:07:39:15 +0000] "POST /api/v1/users HTTP/1.1" 200 36927 "-" "python-requests/2.28.0"
203.0.113.45 - - [01/Apr/2026:07:41:43 +0000] "POST /static/styles.css HTTP/1.1" 200 30375 "-" "nginx/1.18.0"
198.51.100.12 - - [01/Apr/2026:07:45:24 +0000] "DELETE /api/v1/users HTTP/1.1" 503 369 "-" "curl/7.68.0"
198.51.100.12 - - [01/Apr/2026:07:48:01 +0000] "PUT /api/v1/users/456/profile HTTP/1.1" 503 129 "https://app.logsonic.io/" "python-requests/2.28.0"
203.0.113.45 - - [01/Apr/2026:07:50:20 +0000] "GET /api/v1/users/456/profile HTTP/1.1" 304 375 "-" "Go-http-client/1.1"
93.184.216.34 - - [01/Apr/2026:07:53:28 +0000] "PUT /api/v1/users/123 HTTP/1.1" 401 204 "-" "Mozilla/5.0 (Macintosh; Intel Mac OS X 10_15_7) AppleWebKit/537.36"
198.51.100.12 - - [01/Apr/2026:07:56:12 +0000] "PUT /api/v1/users HTTP/1.1" 401 255 "-" "Mozilla/5.0 (Macintosh; Intel Mac OS X 10_15_7) AppleWebKit/537.36"
1.1.1.1 - - [01/Apr/2026:07:59:13 +0000] "POST /api/v1/users/456/profile HTTP/1.1" 500 334 "-" "Mozilla/5.0 (Macintosh; Intel Mac OS X 10_15_7) AppleWebKit/537.36"
172.16.0.23 - - [01/Apr/2026:08:01:43 +0000] "PUT /favicon.ico HTTP/1.1" 304 36 "-" "nginx/1.18.0"
192.168.1.10 - - [01/Apr/2026:08:04:33 +0000] "POST /api/v1/logs HTTP/1.1" 404 265 "-" "curl/7.68.0"
1.1.1.1 - - [01/Apr/2026:08:07:45 +0000] "PUT /api/v1/users/123 HTTP/1.1" 502 360 "-" "Mozilla/5.0 (Macintosh; Intel Mac OS X 10_15_7) AppleWebKit/537.36"
93.184.216.34 - - [01/Apr/2026:08:10:30 +0000] "POST /api/v1/settings HTTP/1.1" 401 254 "-" "Mozilla/5.0 (Macintosh; Intel Mac OS X 10_15_7) AppleWebKit/537.36"
192.168.1.10 - - [01/Apr/2026:08:13:04 +0000] "GET / HTTP/1.1" 200 9650 "-" "Mozilla/5.0 (Macintosh; Intel Mac OS X 10_15_7) AppleWebKit/537.36"
198.51.100.12 - - [01/Apr/2026:08:16:23 +0000] "DELETE /logout HTTP/1.1" 304 431 "-" "nginx/1.18.0"
172.16.0.23 - - [01/Apr/2026:08:19:29 +0000] "GET /login HTTP/1.1" 502 233 "https://google.com/" "curl/7.68.0"
8.8.8.8 - - [01/Apr/2026:08:22:16 +0000] "DELETE /favicon.ico HTTP/1.1" 200 9714 "-" "nginx/1.18.0"
93.184.216.34 - - [01/Apr/2026:08:25:22 +0000] "PATCH /favicon.ico HTTP/1.1" 401 482 "-" "Mozilla/5.0 (Macintosh; Intel Mac OS X 10_15_7) AppleWebKit/537.36"
192.168.1.10 - - [01/Apr/2026:08:27:37 +0000] "DELETE /static/styles.css HTTP/1.1" 404 99 "-" "Go-http-client/1.1"
8.8.8.8 - - [01/Apr/2026:08:31:00 +0000] "POST /api/v1/users HTTP/1.1" 404 433 "https://app.logsonic.io/" "curl/7.68.0"
8.8.8.8 - - [01/Apr/2026:08:34:03 +0000] "POST /api/v1/search HTTP/1.1" 200 38734 "-" "nginx/1.18.0"
203.0.113.45 - - [01/Apr/2026:08:36:35 +0000] "PATCH /api/v2/events HTTP/1.1" 200 8381 "https://app.logsonic.io/" "nginx/1.18.0"
93.184.216.34 - - [01/Apr/2026:08:39:43 +0000] "GET /api/v1/logs/stream HTTP/1.1" 503 254 "-" "Mozilla/5.0 (Macintosh; Intel Mac OS X 10_15_7) AppleWebKit/537.36"
93.184.216.34 - - [01/Apr/2026:08:42:25 +0000] "DELETE /static/styles.css HTTP/1.1" 200 45444 "https://google.com/" "nginx/1.18.0"
203.0.113.45 - - [01/Apr/2026:08:44:43 +0000] "GET /api/v1/logs HTTP/1.1" 401 94 "-" "curl/7.68.0"
10.0.0.5 - - [01/Apr/2026:08:48:26 +0000] "PUT /api/v1/search HTTP/1.1" 200 50652 "https://google.com/" "nginx/1.18.0"
93.184.216.34 - - [01/Apr/2026:08:51:08 +0000] "DELETE /logout HTTP/1.1" 304 264 "https://app.logsonic.io/" "Mozilla/5.0 (Macintosh; Intel Mac OS X 10_15_7) AppleWebKit/537.36"
192.168.1.10 - - [01/Apr/2026:08:53:50 +0000] "GET / HTTP/1.1" 200 2097 "-" "nginx/1.18.0"
10.0.0.5 - - [01/Apr/2026:08:57:00 +0000] "POST /api/v2/events HTTP/1.1" 301 135 "-" "curl/7.68.0"
1.1.1.1 - - [01/Apr/2026:08:59:42 +0000] "GET /api/v1/users HTTP/1.1" 503 460 "-" "python-requests/2.28.0"
1.1.1.1 - - [01/Apr/2026:09:02:06 +0000] "POST /login HTTP/1.1" 301 141 "https://app.logsonic.io/" "Go-http-client/1.1"
203.0.113.45 - - [01/Apr/2026:09:05:23 +0000] "GET /api/v1/users/456/profile HTTP/1.1" 404 125 "-" "python-requests/2.28.0"
1.1.1.1 - - [01/Apr/2026:09:08:24 +0000] "DELETE /api/v1/settings HTTP/1.1" 200 17571 "-" "nginx/1.18.0"
93.184.216.34 - - [01/Apr/2026:09:10:58 +0000] "GET /metrics HTTP/1.1" 500 375 "https://app.logsonic.io/" "Go-http-client/1.1"
10.0.0.5 - - [01/Apr/2026:09:13:56 +0000] "PATCH /api/v1/search HTTP/1.1" 200 8203 "-" "Go-http-client/1.1"
192.168.1.10 - - [01/Apr/2026:09:16:16 +0000] "PATCH /static/app.js HTTP/1.1" 500 219 "https://app.logsonic.io/" "curl/7.68.0"
1.1.1.1 - - [01/Apr/2026:09:19:53 +0000] "GET /api/v1/settings HTTP/1.1" 503 262 "-" "Mozilla/5.0 (Macintosh; Intel Mac OS X 10_15_7) AppleWebKit/537.36"
172.16.0.23 - - [01/Apr/2026:09:22:36 +0000] "PATCH /api/v1/users/123 HTTP/1.1" 404 39 "https://app.logsonic.io/" "Mozilla/5.0 (Macintosh; Intel Mac OS X 10_15_7) AppleWebKit/537.36"
1.1.1.1 - - [01/Apr/2026:09:25:16 +0000] "PUT /api/v1/logs/stream HTTP/1.1" 500 206 "-" "python-requests/2.28.0"
10.0.0.5 - - [01/Apr/2026:09:28:35 +0000] "DELETE / HTTP/1.1" 400 415 "https://app.logsonic.io/" "python-requests/2.28.0"
1.1.1.1 - - [01/Apr/2026:09:31:28 +0000] "GET /api/v1/users/123 HTTP/1.1" 304 418 "-" "Go-http-client/1.1"
192.168.1.10 - - [01/Apr/2026:09:34:07 +0000] "GET /logout HTTP/1.1" 304 273 "-" "python-requests/2.28.0"
10.0.0.5 - - [01/Apr/2026:09:37:07 +0000] "DELETE /static/app.js HTTP/1.1" 304 251 "-" "Go-http-client/1.1"
1.1.1.1 - - [01/Apr/2026:09:39:12 +0000] "POST /api/v1/settings HTTP/1.1" 503 3 "https://google.com/" "python-requests/2.28.0"
1.1.1.1 - - [01/Apr/2026:09:42:03 +0000] "GET /api/v1/users HTTP/1.1" 400 366 "-" "nginx/1.18.0"
192.168.1.10 - - [01/Apr/2026:09:45:21 +0000] "GET /static/app.js HTTP/1.1" 200 9482 "https://google.com/" "Mozilla/5.0 (Macintosh; Intel Mac OS X 10_15_7) AppleWebKit/537.36"
203.0.113.45 - - [01/Apr/2026:09:47:43 +0000] "PUT /api/v1/logs HTTP/1.1" 200 39717 "-" "python-requests/2.28.0"
172.16.0.23 - - [01/Apr/2026:09:51:18 +0000] "POST /api/v2/events HTTP/1.1" 304 26 "-" "Mozilla/5.0 (Macintosh; Intel Mac OS X 10_15_7) AppleWebKit/537.36"
172.16.0.23 - - [01/Apr/2026:09:54:01 +0000] "PATCH /favicon.ico HTTP/1.1" 400 415 "-" "Go-http-client/1.1"
8.8.8.8 - - [01/Apr/2026:09:56:43 +0000] "PUT /static/styles.css HTTP/1.1" 200 32043 "-" "curl/7.68.0"
10.0.0.5 - - [01/Apr/2026:09:59:56 +0000] "PUT /static/styles.css HTTP/1.1" 200 25567 "-" "Go-http-client/1.1"
172.16.0.23 - - [01/Apr/2026:10:02:02 +0000] "PATCH / HTTP/1.1" 304 340 "-" "Go-http-client/1.1"
192.168.1.10 - - [01/Apr/2026:10:05:43 +0000] "PATCH /api/v1/logs/stream HTTP/1.1" 404 82 "-" "curl/7.68.0"
10.0.0.5 - - [01/Apr/2026:10:08:41 +0000] "DELETE /api/v1/users/123 HTTP/1.1" 201 231 "-" "Go-http-client/1.1"
192.168.1.10 - - [01/Apr/2026:10:11:02 +0000] "PUT /favicon.ico HTTP/1.1" 502 276 "https://google.com/" "curl/7.68.0"
203.0.113.45 - - [01/Apr/2026:10:14:28 +0000] "GET /metrics HTTP/1.1" 200 22412 "https://app.logsonic.io/" "Mozilla/5.0 (Macintosh; Intel Mac OS X 10_15_7) AppleWebKit/537.36"
1.1.1.1 - - [01/Apr/2026:10:16:33 +0000] "GET /logout HTTP/1.1" 304 310 "-" "Go-http-client/1.1"
172.16.0.23 - - [01/Apr/2026:10:19:37 +0000] "GET /api/v2/events HTTP/1.1" 200 45737 "-" "python-requests/2.28.0"
203.0.113.45 - - [01/Apr/2026:10:22:25 +0000] "PUT /api/v1/search HTTP/1.1" 304 476 "-" "Mozilla/5.0 (Macintosh; Intel Mac OS X 10_15_7) AppleWebKit/537.36"
198.51.100.12 - - [01/Apr/2026:10:25:11 +0000] "POST /api/v1/logs HTTP/1.1" 400 150 "-" "Mozilla/5.0 (Macintosh; Intel Mac OS X 10_15_7) AppleWebKit/537.36"
172.16.0.23 - - [01/Apr/2026:10:28:07 +0000] "PUT /api/v1/users/456/profile HTTP/1.1" 500 494 "-" "nginx/1.18.0"
93.184.216.34 - - [01/Apr/2026:10:31:17 +0000] "GET /api/v1/logs HTTP/1.1" 400 261 "-" "nginx/1.18.0"
8.8.8.8 - - [01/Apr/2026:10:34:17 +0000] "GET /api/v1/logs/stream HTTP/1.1" 200 28483 "-" "Go-http-client/1.1"
198.51.100.12 - - [01/Apr/2026:10:36:25 +0000] "DELETE /static/styles.css HTTP/1.1" 400 247 "https://google.com/" "curl/7.68.0"
93.184.216.34 - - [01/Apr/2026:10:39:36 +0000] "DELETE /logout HTTP/1.1" 200 31315 "https://google.com/" "Mozilla/5.0 (Macintosh; Intel Mac OS X 10_15_7) AppleWebKit/537.36"
1.1.1.1 - - [01/Apr/2026:10:42:52 +0000] "GET /api/v1/users HTTP/1.1" 200 6489 "https://google.com/" "python-requests/2.28.0"
198.51.100.12 - - [01/Apr/2026:10:45:37 +0000] "DELETE /api/v1/search HTTP/1.1" 200 48140 "-" "curl/7.68.0"
192.168.1.10 - - [01/Apr/2026:10:48:35 +0000] "PATCH /login HTTP/1.1" 403 451 "-" "curl/7.68.0"
10.0.0.5 - - [01/Apr/2026:10:50:59 +0000] "PUT /static/app.js HTTP/1.1" 404 342 "-" "curl/7.68.0"
93.184.216.34 - - [01/Apr/2026:10:53:43 +0000] "PUT /metrics HTTP/1.1" 201 419 "-" "curl/7.68.0"
198.51.100.12 - - [01/Apr/2026:10:57:03 +0000] "GET /api/v1/logs HTTP/1.1" 502 353 "-" "nginx/1.18.0"
192.168.1.10 - - [01/Apr/2026:10:59:29 +0000] "GET / HTTP/1.1" 403 295 "https://app.logsonic.io/" "curl/7.68.0"
1.1.1.1 - - [01/Apr/2026:11:02:14 +0000] "PATCH / HTTP/1.1" 301 349 "https://google.com/" "Mozilla/5.0 (Macintosh; Intel Mac OS X 10_15_7) AppleWebKit/537.36"
172.16.0.23 - - [01/Apr/2026:11:05:40 +0000] "DELETE /api/v1/search HTTP/1.1" 200 39905 "-" "curl/7.68.0"
93.184.216.34 - - [01/Apr/2026:11:08:48 +0000] "PUT /static/app.js HTTP/1.1" 404 114 "-" "nginx/1.18.0"
203.0.113.45 - - [01/Apr/2026:11:11:33 +0000] "PUT /api/v1/users HTTP/1.1" 201 117 "https://google.com/" "Go-http-client/1.1"
10.0.0.5 - - [01/Apr/2026:11:14:09 +0000] "PATCH /metrics HTTP/1.1" 503 137 "-" "curl/7.68.0"
172.16.0.23 - - [01/Apr/2026:11:17:23 +0000] "DELETE /health HTTP/1.1" 403 136 "-" "nginx/1.18.0"
203.0.113.45 - - [01/Apr/2026:11:20:03 +0000] "POST /static/styles.css HTTP/1.1" 502 172 "https://app.logsonic.io/" "curl/7.68.0"
8.8.8.8 - - [01/Apr/2026:11:22:46 +0000] "DELETE /logout HTTP/1.1" 502 336 "-" "curl/7.68.0"
93.184.216.34 - - [01/Apr/2026:11:25:48 +0000] "PUT /metrics HTTP/1.1" 404 6 "https://app.logsonic.io/" "python-requests/2.28.0"
192.168.1.10 - - [01/Apr/2026:11:28:01 +0000] "DELETE /api/v1/users HTTP/1.1" 404 315 "https://google.com/" "Mozilla/5.0 (Macintosh; Intel Mac OS X 10_15_7) AppleWebKit/537.36"
203.0.113.45 - - [01/Apr/2026:11:31:06 +0000] "DELETE /static/styles.css HTTP/1.1" 404 26 "-" "curl/7.68.0"
8.8.8.8 - - [01/Apr/2026:11:34:13 +0000] "DELETE /favicon.ico HTTP/1.1" 403 293 "https://app.logsonic.io/" "python-requests/2.28.0"
8.8.8.8 - - [01/Apr/2026:11:37:22 +0000] "DELETE /api/v1/logs/stream HTTP/1.1" 404 465 "-" "Go-http-client/1.1"
1.1.1.1 - - [01/Apr/2026:11:39:50 +0000] "PUT /api/v1/search HTTP/1.1" 200 50950 "https://google.com/" "Go-http-client/1.1"
93.184.216.34 - - [01/Apr/2026:11:43:04 +0000] "POST /api/v2/events HTTP/1.1" 500 291 "-" "python-requests/2.28.0"
8.8.8.8 - - [01/Apr/2026:11:45:21 +0000] "POST /api/v1/settings HTTP/1.1" 200 44972 "-" "nginx/1.18.0"
172.16.0.23 - - [01/Apr/2026:11:48:13 +0000] "DELETE /favicon.ico HTTP/1.1" 404 429 "-" "python-requests/2.28.0"
192.168.1.10 - - [01/Apr/2026:11:50:57 +0000] "GET /static/styles.css HTTP/1.1" 200 14396 "https://app.logsonic.io/" "curl/7.68.0"
1.1.1.1 - - [01/Apr/2026:11:54:03 +0000] "PATCH /static/styles.css HTTP/1.1" 400 110 "-" "Go-http-client/1.1"
192.168.1.10 - - [01/Apr/2026:11:56:49 +0000] "PUT /logout HTTP/1.1" 200 39483 "https://app.logsonic.io/" "Mozilla/5.0 (Macintosh; Intel Mac OS X 10_15_7) AppleWebKit/537.36"
192.168.1.10 - - [01/Apr/2026:12:00:32 +0000] "POST /static/styles.css HTTP/1.1" 304 118 "-" "Mozilla/5.0 (Macintosh; Intel Mac OS X 10_15_7) AppleWebKit/537.36"
192.168.1.10 - - [01/Apr/2026:12:02:27 +0000] "GET /api/v1/users HTTP/1.1" 500 261 "-" "Go-http-client/1.1"
1.1.1.1 - - [01/Apr/2026:12:05:28 +0000] "GET /health HTTP/1.1" 200 49603 "https://app.logsonic.io/" "Mozilla/5.0 (Macintosh; Intel Mac OS X 10_15_7) AppleWebKit/537.36"
172.16.0.23 - - [01/Apr/2026:12:08:14 +0000] "DELETE /api/v1/users HTTP/1.1" 304 384 "-" "nginx/1.18.0"
8.8.8.8 - - [01/Apr/2026:12:11:13 +0000] "POST /api/v1/users/123 HTTP/1.1" 201 379 "-" "curl/7.68.0"
203.0.113.45 - - [01/Apr/2026:12:13:52 +0000] "POST /static/styles.css HTTP/1.1" 304 446 "https://google.com/" "Go-http-client/1.1"
203.0.113.45 - - [01/Apr/2026:12:17:01 +0000] "DELETE /health HTTP/1.1" 200 42099 "-" "python-requests/2.28.0"
1.1.1.1 - - [01/Apr/2026:12:20:32 +0000] "DELETE /login HTTP/1.1" 503 489 "https://app.logsonic.io/" "Go-http-client/1.1"
8.8.8.8 - - [01/Apr/2026:12:22:37 +0000] "GET /static/app.js HTTP/1.1" 403 205 "https://app.logsonic.io/" "curl/7.68.0"
203.0.113.45 - - [01/Apr/2026:12:25:41 +0000] "GET /api/v1/logs HTTP/1.1" 404 265 "-" "Mozilla/5.0 (Macintosh; Intel Mac OS X 10_15_7) AppleWebKit/537.36"
8.8.8.8 - - [01/Apr/2026:12:28:27 +0000] "PATCH /api/v1/logs/stream HTTP/1.1" 200 12318 "https://app.logsonic.io/" "python-requests/2.28.0"
1.1.1.1 - - [01/Apr/2026:12:31:12 +0000] "PUT /api/v1/users/123 HTTP/1.1" 200 27274 "https://app.logsonic.io/" "Go-http-client/1.1"
172.16.0.23 - - [01/Apr/2026:12:34:08 +0000] "DELETE /api/v1/search HTTP/1.1" 404 433 "-" "Go-http-client/1.1"
10.0.0.5 - - [01/Apr/2026:12:37:22 +0000] "DELETE /api/v1/users/456/profile HTTP/1.1" 301 135 "-" "python-requests/2.28.0"
172.16.0.23 - - [01/Apr/2026:12:40:30 +0000] "PATCH /api/v1/users/123 HTTP/1.1" 404 301 "-" "nginx/1.18.0"
10.0.0.5 - - [01/Apr/2026:12:43:31 +0000] "POST /login HTTP/1.1" 200 43245 "https://app.logsonic.io/" "Go-http-client/1.1"
10.0.0.5 - - [01/Apr/2026:12:45:34 +0000] "PUT /logout HTTP/1.1" 404 176 "https://app.logsonic.io/" "Mozilla/5.0 (Macintosh; Intel Mac OS X 10_15_7) AppleWebKit/537.36"
192.168.1.10 - - [01/Apr/2026:12:48:50 +0000] "PUT /login HTTP/1.1" 403 435 "-" "nginx/1.18.0"
10.0.0.5 - - [01/Apr/2026:12:52:08 +0000] "DELETE /api/v1/users HTTP/1.1" 200 39937 "-" "Go-http-client/1.1"
203.0.113.45 - - [01/Apr/2026:12:54:24 +0000] "PATCH /health HTTP/1.1" 404 444 "-" "curl/7.68.0"
1.1.1.1 - - [01/Apr/2026:12:57:18 +0000] "PUT /favicon.ico HTTP/1.1" 304 434 "https://google.com/" "curl/7.68.0"
93.184.216.34 - - [01/Apr/2026:13:00:36 +0000] "DELETE /logout HTTP/1.1" 502 335 "-" "curl/7.68.0"
10.0.0.5 - - [01/Apr/2026:13:03:32 +0000] "DELETE /api/v1/users HTTP/1.1" 304 476 "-" "curl/7.68.0"
192.168.1.10 - - [01/Apr/2026:13:05:58 +0000] "POST /metrics HTTP/1.1" 404 319 "https://app.logsonic.io/" "Mozilla/5.0 (Macintosh; Intel Mac OS X 10_15_7) AppleWebKit/537.36"
172.16.0.23 - - [01/Apr/2026:13:08:48 +0000] "GET /api/v1/settings HTTP/1.1" 401 45 "-" "Mozilla/5.0 (Macintosh; Intel Mac OS X 10_15_7) AppleWebKit/537.36"
10.0.0.5 - - [01/Apr/2026:13:11:53 +0000] "POST /favicon.ico HTTP/1.1" 400 66 "-" "Go-http-client/1.1"
172.16.0.23 - - [01/Apr/2026:13:14:16 +0000] "PATCH /static/styles.css HTTP/1.1" 401 156 "-" "nginx/1.18.0"
198.51.100.12 - - [01/Apr/2026:13:17:29 +0000] "DELETE /api/v1/logs HTTP/1.1" 403 199 "-" "python-requests/2.28.0"
172.16.0.23 - - [01/Apr/2026:13:20:32 +0000] "DELETE /api/v1/users HTTP/1.1" 404 488 "-" "Mozilla/5.0 (Macintosh; Intel Mac OS X 10_15_7) AppleWebKit/537.36"
192.168.1.10 - - [01/Apr/2026:13:22:53 +0000] "POST /favicon.ico HTTP/1.1" 502 88 "-" "Go-http-client/1.1"
10.0.0.5 - - [01/Apr/2026:13:25:35 +0000] "PATCH /api/v1/logs/stream HTTP/1.1" 201 311 "-" "Mozilla/5.0 (Macintosh; Intel Mac OS X 10_15_7) AppleWebKit/537.36"
93.184.216.34 - - [01/Apr/2026:13:29:03 +0000] "PATCH /api/v1/logs HTTP/1.1" 304 365 "https://app.logsonic.io/" "python-requests/2.28.0"
172.16.0.23 - - [01/Apr/2026:13:31:59 +0000] "DELETE /metrics HTTP/1.1" 500 85 "https://app.logsonic.io/" "Go-http-client/1.1"
93.184.216.34 - - [01/Apr/2026:13:34:41 +0000] "PUT /api/v1/logs/stream HTTP/1.1" 200 246 "-" "Go-http-client/1.1"
1.1.1.1 - - [01/Apr/2026:13:37:09 +0000] "DELETE /api/v2/events HTTP/1.1" 500 445 "-" "nginx/1.18.0"
93.184.216.34 - - [01/Apr/2026:13:40:19 +0000] "GET /api/v1/users HTTP/1.1" 401 285 "-" "curl/7.68.0"
93.184.216.34 - - [01/Apr/2026:13:43:10 +0000] "POST /logout HTTP/1.1" 200 26087 "-" "python-requests/2.28.0"
198.51.100.12 - - [01/Apr/2026:13:46:11 +0000] "PUT /api/v1/settings HTTP/1.1" 503 293 "https://app.logsonic.io/" "python-requests/2.28.0"
192.168.1.10 - - [01/Apr/2026:13:48:48 +0000] "DELETE /health HTTP/1.1" 200 9750 "-" "Mozilla/5.0 (Macintosh; Intel Mac OS X 10_15_7) AppleWebKit/537.36"
8.8.8.8 - - [01/Apr/2026:13:52:13 +0000] "PUT /favicon.ico HTTP/1.1" 200 50875 "https://app.logsonic.io/" "nginx/1.18.0"
93.184.216.34 - - [01/Apr/2026:13:54:31 +0000] "PUT / HTTP/1.1" 200 6327 "https://app.logsonic.io/" "curl/7.68.0"
203.0.113.45 - - [01/Apr/2026:13:57:04 +0000] "POST /static/styles.css HTTP/1.1" 200 50085 "-" "curl/7.68.0"
10.0.0.5 - - [01/Apr/2026:14:00:37 +0000] "PATCH /api/v1/settings HTTP/1.1" 404 160 "https://app.logsonic.io/" "python-requests/2.28.0"
192.168.1.10 - - [01/Apr/2026:14:03:12 +0000] "PATCH /static/app.js HTTP/1.1" 500 190 "https://google.com/" "Mozilla/5.0 (Macintosh; Intel Mac OS X 10_15_7) AppleWebKit/537.36"
10.0.0.5 - - [01/Apr/2026:14:06:26 +0000] "PUT /api/v1/logs HTTP/1.1" 301 65 "-" "curl/7.68.0"
93.184.216.34 - - [01/Apr/2026:14:08:40 +0000] "PATCH /logout HTTP/1.1" 401 92 "https://google.com/" "curl/7.68.0"
192.168.1.10 - - [01/Apr/2026:14:12:20 +0000] "PATCH /api/v1/settings HTTP/1.1" 200 51030 "-" "curl/7.68.0"
8.8.8.8 - - [01/Apr/2026:14:14:39 +0000] "GET /metrics HTTP/1.1" 503 474 "-" "Go-http-client/1.1"
203.0.113.45 - - [01/Apr/2026:14:17:58 +0000] "GET /api/v1/users/123 HTTP/1.1" 201 372 "-" "nginx/1.18.0"
8.8.8.8 - - [01/Apr/2026:14:20:17 +0000] "PUT /static/styles.css HTTP/1.1" 301 224 "-" "nginx/1.18.0"
198.51.100.12 - - [01/Apr/2026:14:23:24 +0000] "DELETE / HTTP/1.1" 400 27 "-" "curl/7.68.0"
172.16.0.23 - - [01/Apr/2026:14:26:36 +0000] "PUT /metrics HTTP/1.1" 404 55 "https://app.logsonic.io/" "nginx/1.18.0"
203.0.113.45 - - [01/Apr/2026:14:29:32 +0000] "GET /api/v1/logs/stream HTTP/1.1" 502 174 "-" "nginx/1.18.0"
93.184.216.34 - - [01/Apr/2026:14:32:12 +0000] "GET /api/v1/settings HTTP/1.1" 401 340 "-" "nginx/1.18.0"
203.0.113.45 - - [01/Apr/2026:14:34:59 +0000] "PUT /api/v1/users/456/profile HTTP/1.1" 401 459 "-" "nginx/1.18.0"
8.8.8.8 - - [01/Apr/2026:14:37:52 +0000] "GET /favicon.ico HTTP/1.1" 304 109 "-" "curl/7.68.0"
10.0.0.5 - - [01/Apr/2026:14:40:06 +0000] "PATCH /static/app.js HTTP/1.1" 502 261 "-" "nginx/1.18.0"
203.0.113.45 - - [01/Apr/2026:14:43:06 +0000] "DELETE /favicon.ico HTTP/1.1" 502 460 "-" "python-requests/2.28.0"
192.168.1.10 - - [01/Apr/2026:14:46:39 +0000] "DELETE /api/v1/search HTTP/1.1" 200 1167 "-" "curl/7.68.0"
192.168.1.10 - - [01/Apr/2026:14:49:24 +0000] "DELETE /api/v1/search HTTP/1.1" 304 83 "https://app.logsonic.io/" "Go-http-client/1.1"
1.1.1.1 - - [01/Apr/2026:14:52:08 +0000] "PUT /api/v1/users HTTP/1.1" 200 32863 "-" "python-requests/2.28.0"
1.1.1.1 - - [01/Apr/2026:14:54:24 +0000] "PATCH /api/v1/logs HTTP/1.1" 404 153 "https://app.logsonic.io/" "Mozilla/5.0 (Macintosh; Intel Mac OS X 10_15_7) AppleWebKit/537.36"
1.1.1.1 - - [01/Apr/2026:14:57:29 +0000] "PUT /api/v1/users/456/profile HTTP/1.1" 403 201 "-" "python-requests/2.28.0"
203.0.113.45 - - [01/Apr/2026:15:00:54 +0000] "PATCH /api/v2/events HTTP/1.1" 500 427 "https://google.com/" "Go-http-client/1.1"
172.16.0.23 - - [01/Apr/2026:15:03:30 +0000] "DELETE /static/app.js HTTP/1.1" 200 13373 "-" "nginx/1.18.0"
1.1.1.1 - - [01/Apr/2026:15:06:04 +0000] "GET /health HTTP/1.1" 403 246 "-" "curl/7.68.0"
172.16.0.23 - - [01/Apr/2026:15:09:34 +0000] "PATCH / HTTP/1.1" 401 492 "https://app.logsonic.io/" "python-requests/2.28.0"
192.168.1.10 - - [01/Apr/2026:15:11:49 +0000] "GET /login HTTP/1.1" 200 11176 "-" "Go-http-client/1.1"
172.16.0.23 - - [01/Apr/2026:15:15:03 +0000] "GET /api/v1/settings HTTP/1.1" 200 38664 "-" "Mozilla/5.0 (Macintosh; Intel Mac OS X 10_15_7) AppleWebKit/537.36"
198.51.100.12 - - [01/Apr/2026:15:17:42 +0000] "POST /static/styles.css HTTP/1.1" 401 360 "-" "curl/7.68.0"
203.0.113.45 - - [01/Apr/2026:15:21:03 +0000] "POST /static/styles.css HTTP/1.1" 201 243 "https://app.logsonic.io/" "curl/7.68.0"
1.1.1.1 - - [01/Apr/2026:15:23:20 +0000] "GET /static/styles.css HTTP/1.1" 404 182 "https://google.com/" "python-requests/2.28.0"
172.16.0.23 - - [01/Apr/2026:15:26:28 +0000] "PATCH /api/v1/search HTTP/1.1" 301 407 "-" "python-requests/2.28.0"
192.168.1.10 - - [01/Apr/2026:15:29:36 +0000] "PATCH /api/v1/settings HTTP/1.1" 200 41663 "-" "curl/7.68.0"
1.1.1.1 - - [01/Apr/2026:15:32:09 +0000] "POST /health HTTP/1.1" 200 9715 "-" "nginx/1.18.0"
192.168.1.10 - - [01/Apr/2026:15:34:59 +0000] "GET /favicon.ico HTTP/1.1" 404 68 "https://google.com/" "Go-http-client/1.1"
8.8.8.8 - - [01/Apr/2026:15:37:33 +0000] "PUT /api/v1/users/456/profile HTTP/1.1" 200 39516 "https://app.logsonic.io/" "python-requests/2.28.0"
8.8.8.8 - - [01/Apr/2026:15:40:41 +0000] "DELETE /api/v1/logs HTTP/1.1" 403 315 "-" "python-requests/2.28.0"
203.0.113.45 - - [01/Apr/2026:15:43:30 +0000] "DELETE /login HTTP/1.1" 403 329 "-" "Go-http-client/1.1"
10.0.0.5 - - [01/Apr/2026:15:46:05 +0000] "POST /api/v1/logs HTTP/1.1" 400 267 "https://app.logsonic.io/" "Go-http-client/1.1"
203.0.113.45 - - [01/Apr/2026:15:49:01 +0000] "PUT /metrics HTTP/1.1" 304 218 "https://google.com/" "python-requests/2.28.0"
172.16.0.23 - - [01/Apr/2026:15:51:51 +0000] "POST /api/v2/events HTTP/1.1" 404 42 "https://google.com/" "curl/7.68.0"
198.51.100.12 - - [01/Apr/2026:15:55:30 +0000] "PATCH /login HTTP/1.1" 503 332 "-" "Go-http-client/1.1"
93.184.216.34 - - [01/Apr/2026:15:58:02 +0000] "PUT /api/v1/users/123 HTTP/1.1" 404 146 "-" "Mozilla/5.0 (Macintosh; Intel Mac OS X 10_15_7) AppleWebKit/537.36"
1.1.1.1 - - [01/Apr/2026:16:01:11 +0000] "PUT /favicon.ico HTTP/1.1" 200 39382 "-" "python-requests/2.28.0"
10.0.0.5 - - [01/Apr/2026:16:03:22 +0000] "PATCH / HTTP/1.1" 404 278 "-" "curl/7.68.0"
198.51.100.12 - - [01/Apr/2026:16:06:04 +0000] "GET /api/v1/users/123 HTTP/1.1" 400 65 "-" "Mozilla/5.0 (Macintosh; Intel Mac OS X 10_15_7) AppleWebKit/537.36"
192.168.1.10 - - [01/Apr/2026:16:09:43 +0000] "GET /api/v1/users/123 HTTP/1.1" 200 37942 "https://app.logsonic.io/" "Go-http-client/1.1"
93.184.216.34 - - [01/Apr/2026:16:11:51 +0000] "PUT /api/v1/users/456/profile HTTP/1.1" 304 261 "https://google.com/" "nginx/1.18.0"
8.8.8.8 - - [01/Apr/2026:16:15:10 +0000] "PATCH /health HTTP/1.1" 400 194 "-" "nginx/1.18.0"
8.8.8.8 - - [01/Apr/2026:16:17:36 +0000] "POST /api/v1/users/456/profile HTTP/1.1" 200 14461 "-" "Go-http-client/1.1"
1.1.1.1 - - [01/Apr/2026:16:20:52 +0000] "POST /api/v2/events HTTP/1.1" 503 19 "https://app.logsonic.io/" "Go-http-client/1.1"
1.1.1.1 - - [01/Apr/2026:16:23:29 +0000] "DELETE /health HTTP/1.1" 200 20430 "-" "Go-http-client/1.1"
8.8.8.8 - - [01/Apr/2026:16:26:40 +0000] "PATCH /api/v1/logs/stream HTTP/1.1" 200 6927 "https://app.logsonic.io/" "curl/7.68.0"
8.8.8.8 - - [01/Apr/2026:16:29:23 +0000] "GET /logout HTTP/1.1" 200 36420 "https://app.logsonic.io/" "Go-http-client/1.1"
93.184.216.34 - - [01/Apr/2026:16:31:58 +0000] "GET /api/v1/users/123 HTTP/1.1" 301 13 "https://app.logsonic.io/" "Mozilla/5.0 (Macintosh; Intel Mac OS X 10_15_7) AppleWebKit/537.36"
192.168.1.10 - - [01/Apr/2026:16:35:35 +0000] "GET / HTTP/1.1" 201 152 "-" "Go-http-client/1.1"
172.16.0.23 - - [01/Apr/2026:16:38:04 +0000] "PATCH /health HTTP/1.1" 200 5488 "https://google.com/" "nginx/1.18.0"
203.0.113.45 - - [01/Apr/2026:16:40:59 +0000] "PATCH /health HTTP/1.1" 200 44334 "-" "Mozilla/5.0 (Macintosh; Intel Mac OS X 10_15_7) AppleWebKit/537.36"
8.8.8.8 - - [01/Apr/2026:16:43:21 +0000] "PATCH /login HTTP/1.1" 301 197 "-" "python-requests/2.28.0"
93.184.216.34 - - [01/Apr/2026:16:46:39 +0000] "PUT /api/v1/logs/stream HTTP/1.1" 401 250 "https://google.com/" "python-requests/2.28.0"
10.0.0.5 - - [01/Apr/2026:16:49:18 +0000] "PUT /api/v1/users HTTP/1.1" 200 3213 "-" "Mozilla/5.0 (Macintosh; Intel Mac OS X 10_15_7) AppleWebKit/537.36"
1.1.1.1 - - [01/Apr/2026:16:52:45 +0000] "POST / HTTP/1.1" 403 219 "https://app.logsonic.io/" "curl/7.68.0"
8.8.8.8 - - [01/Apr/2026:16:55:14 +0000] "POST /health HTTP/1.1" 503 293 "-" "Mozilla/5.0 (Macintosh; Intel Mac OS X 10_15_7) AppleWebKit/537.36"
8.8.8.8 - - [01/Apr/2026:16:58:17 +0000] "DELETE /api/v1/users HTTP/1.1" 200 38429 "-" "python-requests/2.28.0"
172.16.0.23 - - [01/Apr/2026:17:00:56 +0000] "POST /static/app.js HTTP/1.1" 502 155 "https://app.logsonic.io/" "Go-http-client/1.1"
192.168.1.10 - - [01/Apr/2026:17:03:39 +0000] "PUT /api/v1/users/123 HTTP/1.1" 503 498 "https://app.logsonic.io/" "curl/7.68.0"
10.0.0.5 - - [01/Apr/2026:17:06:45 +0000] "PUT /health HTTP/1.1" 502 146 "https://google.com/" "Mozilla/5.0 (Macintosh; Intel Mac OS X 10_15_7) AppleWebKit/537.36"
8.8.8.8 - - [01/Apr/2026:17:09:15 +0000] "DELETE /api/v1/settings HTTP/1.1" 200 51966 "-" "curl/7.68.0"
198.51.100.12 - - [01/Apr/2026:17:12:08 +0000] "POST /login HTTP/1.1" 500 82 "-" "nginx/1.18.0"
10.0.0.5 - - [01/Apr/2026:17:15:25 +0000] "DELETE /health HTTP/1.1" 200 10834 "https://google.com/" "python-requests/2.28.0"
10.0.0.5 - - [01/Apr/2026:17:18:00 +0000] "GET /health HTTP/1.1" 500 67 "-" "python-requests/2.28.0"
198.51.100.12 - - [01/Apr/2026:17:21:10 +0000] "PATCH /api/v1/logs/stream HTTP/1.1" 503 239 "https://app.logsonic.io/" "Go-http-client/1.1"
8.8.8.8 - - [01/Apr/2026:17:23:39 +0000] "GET /favicon.ico HTTP/1.1" 200 7285 "-" "python-requests/2.28.0"
203.0.113.45 - - [01/Apr/2026:17:26:52 +0000] "GET /logout HTTP/1.1" 200 9865 "-" "python-requests/2.28.0"
198.51.100.12 - - [01/Apr/2026:17:29:17 +0000] "PUT /static/app.js HTTP/1.1" 201 224 "-" "Go-http-client/1.1"
10.0.0.5 - - [01/Apr/2026:17:32:50 +0000] "PATCH /login HTTP/1.1" 201 8 "https://google.com/" "python-requests/2.28.0"
8.8.8.8 - - [01/Apr/2026:17:35:42 +0000] "POST /logout HTTP/1.1" 403 169 "-" "Go-http-client/1.1"
1.1.1.1 - - [01/Apr/2026:17:37:51 +0000] "POST /api/v1/users HTTP/1.1" 200 12758 "https://app.logsonic.io/" "Go-http-client/1.1"
172.16.0.23 - - [01/Apr/2026:17:41:01 +0000] "PATCH /api/v1/settings HTTP/1.1" 500 63 "-" "curl/7.68.0"
198.51.100.12 - - [01/Apr/2026:17:44:12 +0000] "GET /api/v1/settings HTTP/1.1" 403 126 "-" "Go-http-client/1.1"
192.168.1.10 - - [01/Apr/2026:17:46:24 +0000] "DELETE /health HTTP/1.1" 304 436 "-" "Mozilla/5.0 (Macintosh; Intel Mac OS X 10_15_7) AppleWebKit/537.36"
198.51.100.12 - - [01/Apr/2026:17:49:51 +0000] "PATCH /static/app.js HTTP/1.1" 200 39792 "-" "nginx/1.18.0"
1.1.1.1 - - [01/Apr/2026:17:52:31 +0000] "DELETE / HTTP/1.1" 403 229 "https://app.logsonic.io/" "Mozilla/5.0 (Macintosh; Intel Mac OS X 10_15_7) AppleWebKit/537.36"
1.1.1.1 - - [01/Apr/2026:17:55:35 +0000] "DELETE /api/v1/search HTTP/1.1" 401 8 "-" "Mozilla/5.0 (Macintosh; Intel Mac OS X 10_15_7) AppleWebKit/537.36"
192.168.1.10 - - [01/Apr/2026:17:58:02 +0000] "GET /api/v1/settings HTTP/1.1" 200 37140 "https://app.logsonic.io/" "nginx/1.18.0"
192.168.1.10 - - [01/Apr/2026:18:01:14 +0000] "GET /api/v1/users/123 HTTP/1.1" 404 137 "-" "curl/7.68.0"
198.51.100.12 - - [01/Apr/2026:18:04:02 +0000] "GET /api/v1/search HTTP/1.1" 404 394 "https://app.logsonic.io/" "Mozilla/5.0 (Macintosh; Intel Mac OS X 10_15_7) AppleWebKit/537.36"
8.8.8.8 - - [01/Apr/2026:18:07:08 +0000] "DELETE /api/v1/logs/stream HTTP/1.1" 200 48695 "-" "nginx/1.18.0"
192.168.1.10 - - [01/Apr/2026:18:10:14 +0000] "POST /metrics HTTP/1.1" 400 436 "-" "curl/7.68.0"
1.1.1.1 - - [01/Apr/2026:18:13:09 +0000] "PATCH /static/app.js HTTP/1.1" 200 22666 "-" "python-requests/2.28.0"
198.51.100.12 - - [01/Apr/2026:18:15:08 +0000] "PATCH /favicon.ico HTTP/1.1" 301 180 "-" "nginx/1.18.0"
10.0.0.5 - - [01/Apr/2026:18:18:44 +0000] "POST /logout HTTP/1.1" 404 230 "https://app.logsonic.io/" "curl/7.68.0"
93.184.216.34 - - [01/Apr/2026:18:21:27 +0000] "PUT /api/v1/logs HTTP/1.1" 200 37276 "-" "Mozilla/5.0 (Macintosh; Intel Mac OS X 10_15_7) AppleWebKit/537.36"
10.0.0.5 - - [01/Apr/2026:18:24:33 +0000] "GET /static/app.js HTTP/1.1" 500 56 "https://app.logsonic.io/" "curl/7.68.0"
93.184.216.34 - - [01/Apr/2026:18:26:45 +0000] "DELETE /api/v1/logs HTTP/1.1" 401 124 "-" "python-requests/2.28.0"
1.1.1.1 - - [01/Apr/2026:18:29:56 +0000] "DELETE /static/app.js HTTP/1.1" 301 354 "https://google.com/" "curl/7.68.0"
192.168.1.10 - - [01/Apr/2026:18:32:40 +0000] "GET /favicon.ico HTTP/1.1" 200 26699 "https://app.logsonic.io/" "python-requests/2.28.0"
203.0.113.45 - - [01/Apr/2026:18:35:08 +0000] "DELETE /favicon.ico HTTP/1.1" 301 325 "-" "python-requests/2.28.0"
172.16.0.23 - - [01/Apr/2026:18:38:52 +0000] "POST /metrics HTTP/1.1" 200 14515 "-" "Go-http-client/1.1"
203.0.113.45 - - [01/Apr/2026:18:41:18 +0000] "GET /login HTTP/1.1" 200 39178 "-" "Go-http-client/1.1"
8.8.8.8 - - [01/Apr/2026:18:43:45 +0000] "PATCH /static/styles.css HTTP/1.1" 304 354 "https://google.com/" "nginx/1.18.0"
93.184.216.34 - - [01/Apr/2026:18:47:00 +0000] "DELETE /static/styles.css HTTP/1.1" 401 311 "-" "nginx/1.18.0"
172.16.0.23 - - [01/Apr/2026:18:49:34 +0000] "PATCH /api/v2/events HTTP/1.1" 201 96 "-" "python-requests/2.28.0"
1.1.1.1 - - [01/Apr/2026:18:53:18 +0000] "GET /api/v1/logs/stream HTTP/1.1" 403 219 "-" "Go-http-client/1.1"
1.1.1.1 - - [01/Apr/2026:18:55:31 +0000] "GET /api/v1/logs HTTP/1.1" 403 490 "-" "Mozilla/5.0 (Macintosh; Intel Mac OS X 10_15_7) AppleWebKit/537.36"
8.8.8.8 - - [01/Apr/2026:18:58:23 +0000] "DELETE /static/styles.css HTTP/1.1" 404 374 "-" "python-requests/2.28.0"
10.0.0.5 - - [01/Apr/2026:19:01:22 +0000] "GET /static/app.js HTTP/1.1" 201 192 "-" "Mozilla/5.0 (Macintosh; Intel Mac OS X 10_15_7) AppleWebKit/537.36"
93.184.216.34 - - [01/Apr/2026:19:03:57 +0000] "POST /api/v2/events HTTP/1.1" 404 432 "-" "curl/7.68.0"
192.168.1.10 - - [01/Apr/2026:19:07:36 +0000] "PUT /favicon.ico HTTP/1.1" 404 335 "-" "curl/7.68.0"
172.16.0.23 - - [01/Apr/2026:19:09:54 +0000] "POST /api/v1/users/456/profile HTTP/1.1" 301 232 "-" "Mozilla/5.0 (Macintosh; Intel Mac OS X 10_15_7) AppleWebKit/537.36"
192.168.1.10 - - [01/Apr/2026:19:12:32 +0000] "POST /api/v1/logs HTTP/1.1" 200 23404 "https://app.logsonic.io/" "Mozilla/5.0 (Macintosh; Intel Mac OS X 10_15_7) AppleWebKit/537.36"
8.8.8.8 - - [01/Apr/2026:19:15:27 +0000] "PATCH /api/v1/users HTTP/1.1" 304 181 "https://google.com/" "curl/7.68.0"
8.8.8.8 - - [01/Apr/2026:19:18:54 +0000] "DELETE /api/v1/users/456/profile HTTP/1.1" 200 28577 "https://app.logsonic.io/" "nginx/1.18.0"
203.0.113.45 - - [01/Apr/2026:19:21:28 +0000] "DELETE /static/app.js HTTP/1.1" 502 103 "https://app.logsonic.io/" "Mozilla/5.0 (Macintosh; Intel Mac OS X 10_15_7) AppleWebKit/537.36"
10.0.0.5 - - [01/Apr/2026:19:24:23 +0000] "GET /api/v1/users HTTP/1.1" 200 44658 "-" "python-requests/2.28.0"
198.51.100.12 - - [01/Apr/2026:19:27:09 +0000] "POST / HTTP/1.1" 400 284 "https://app.logsonic.io/" "Go-http-client/1.1"
